// Jest Snapshot v1, https://goo.gl/fbAQLP

exports[`<ExampleFunctionComponent /> should render <ExampleFunctionComponent /> 1`] = `
<div
  className="example-function-component"
>
  Multiplied Value
   
  100
</div>
`;
